I'm sorry, but errors were detected in your script. Please correct the
errors listed below, and try again.


File "game/start.rpy", line 6: expected statement.
    mc_name = 'Mili'
            ^

Ren'Py Version: Ren'Py 6.99.11.1749
